../Core/Src/main.c:73:5:main	8	static
../Core/Src/main.c:129:6:HAL_GPIO_EXTI_Callback	16	static
../Core/Src/main.c:137:6:EXTI15_10_IRQHandler	8	static
../Core/Src/main.c:141:6:resetTrafficLights	8	static
../Core/Src/main.c:151:6:setTrafficLight	16	static
../Core/Src/main.c:182:6:delayMs	16	static
../Core/Src/main.c:190:6:SystemClock_Config	72	static
../Core/Src/main.c:227:13:MX_TIM2_Init	32	static
../Core/Src/main.c:272:13:MX_GPIO_Init	40	static
../Core/Src/main.c:332:6:Error_Handler	4	static,ignoring_inline_asm
